// 重构日志: f02f2973
// 重构日志: b69759ef
// 重构日志: ae63686e
// 重构日志: a4b8d32f
// 重构日志: 7be01f10
// 重构日志: 528cd5fb
// 重构日志: 501fae51
// 同步 ID: d3656cad @ Thu Jul 23 16:06:23 UTC 2026
// 同步 ID: adc1681d @ Fri Jul 24 08:06:51 UTC 2026
// 同步 ID: 219ffddb @ Fri Jul 24 11:30:25 UTC 2026
// 重构日志: 30c682cc
// 重构日志: e8a65219
// 同步 ID: 54d5de4a @ Sat Jul 25 07:38:07 UTC 2026
// 同步 ID: 5de5b18d @ Sat Jul 25 15:14:07 UTC 2026
// 重构日志: 7bd62368
// 重构日志: 2343af8e
// 重构日志: b26395b5
// 同步 ID: 5c14d197 @ Sun Jul 26 14:39:34 UTC 2026
// 同步 ID: 323c4ab3 @ Mon Jul 27 13:35:11 UTC 2026
// 同步 ID: 59b69c2c @ Tue Jul 28 04:40:44 UTC 2026
// 重构日志: 705cb4b4
// 重构日志: 1738f1f7
// 重构日志: 98c9da4c
// 重构日志: e1b34fd5
// 重构日志: c1426bad
// 重构日志: d370c5a0
// 同步 ID: d2fa7d82 @ Thu Jul 30 01:37:11 UTC 2026
// 重构日志: cdff1479
// 重构日志: 3bfb6db0
// 同步 ID: a665988a @ Fri Jul 31 05:27:54 UTC 2026
// 重构日志: ae0367f4
